Godot Engine v4.7.2.stable.official.ed1daf0bf - https://godotengine.org

PASS test_client_contract.gd::test_client_legacy_resolve_without_representations_still_works
PASS test_client_contract.gd::test_client_pinned_corrupt_blob_falls_back_to_network
PASS test_client_contract.gd::test_client_pinned_prepare_is_cache_first
PASS test_client_contract.gd::test_client_representations_missing_key_is_unsupported
PASS test_client_contract.gd::test_client_representations_not_ready_returns_its_error
PASS test_client_contract.gd::test_client_supported_capabilities_match_contract
PASS test_client_contract.gd::test_client_unsatisfiable_capability_on_dependency_fails_closure
PASS test_client_contract.gd::test_client_unsatisfiable_capability_on_root_is_refused
PASS test_client_downloads.gd::test_client_cancel_during_slow_download
PASS test_client_downloads.gd::test_client_corruption_is_integrity_mismatch
PASS test_client_downloads.gd::test_client_downloads_are_limited_to_two_concurrent
PASS test_client_downloads.gd::test_client_ignored_range_restarts_instead_of_appending
PASS test_client_downloads.gd::test_client_resume_appends_valid_prefix
PASS test_client_downloads.gd::test_client_resumes_with_range_after_dropped_connection
PASS test_client_downloads.gd::test_client_same_size_corrupt_cached_blob_is_redownloaded_on_unpinned_prepare
PASS test_client_flow.gd::test_client_changes_watcher_tracks_cursor
PASS test_client_flow.gd::test_client_forbidden
PASS test_client_flow.gd::test_client_happy_path_prepare_exact_sha
PASS test_client_flow.gd::test_client_metadata_calls
PASS test_client_flow.gd::test_client_rejects_unsafe_ids_without_network
PASS test_client_flow.gd::test_client_unauthorized_and_unauthenticated_health
PASS test_client_flow.gd::test_client_unknown_version_is_not_substituted
PASS test_client_flow.gd::test_client_wrong_server_id_stops_before_content
PASS test_client_offline.gd::test_client_offline_cache_hit_after_server_unreachable
PASS test_client_offline.gd::test_client_offline_miss_never_falls_back_to_another_version
PASS test_client_offline.gd::test_client_offline_partial_cache_is_a_miss
PASS test_client_publication.gd::test_client_publication_commit_is_idempotent_and_key_bound
PASS test_client_publication.gd::test_client_publication_compare_and_swap
PASS test_client_publication.gd::test_client_publication_never_retries_uploads_or_commits
PASS test_client_publication.gd::test_client_publication_preview_returns_a_receipt
PASS test_client_publication.gd::test_client_publication_validates_keys_and_ids_locally
TOTAL 31 PASSED 31 FAILED 0
