Godot Engine v4.7.2.stable.official.ed1daf0bf - https://godotengine.org

Test user directory: /Users/andrejvysny/Library/Application Support/WorldPainterTests/acc-live-bqjsdedn
  PASS test_real_server_live::test_apply_composition_sender (0.0 ms)
LIVE host (broker) connection configured PASS
Editor ready: fake
LIVE iPad session connection PASS
LIVE prepared Neutral PBR Crate from the real server PASS
LIVE prepared Textured Tree from the real server PASS
LIVE prepared Vertex Color Foliage from the real server PASS
LIVE 3 remote objects placed PASS
LIVE preview child process launched PASS
Godot Engine v4.7.2.stable.official.ed1daf0bf - https://godotengine.org

LIVE child connected to the broker PASS
LIVE child listener up PASS
LIVE iPad paired with the child over loopback PASS
LIVE child installed the snapshot (hash equal) PASS
LIVE child resolved every asset through the broker from the real server (visual ready) PASS
LIVE raise commit: child hash equals sender hash PASS
LIVE paint commit: child hash equals sender hash PASS
LIVE path commit (flatten + follow-terrain regrounding in one revision): child hash equal PASS
LIVE no resync so far PASS
LIVE child reports a provisional overlay during the stroke (previews sent=39) PASS
LIVE cancel: child overlay disappears PASS
LIVE cancel: committed replica unchanged and the iPad document rolled back PASS
LIVE background: child overlay disappears and committed state stays PASS
LIVE drop: sender notices the loss PASS
LIVE drop: the stroke committed locally (iPad edit preserved) PASS
LIVE drop: reconnect resumes and the child catches up to the exact hash PASS
LIVE drop: child overlay cleared PASS
LIVE hostile frames: child replica unchanged PASS
LIVE session still works after hostile input PASS
LIVE intruder connect call accepted PASS
LIVE intruder with a wrong pairing token is refused PASS
LIVE the paired session and the child's replica are untouched by the intruder PASS
LIVE 200 commits acknowledged PASS
LIVE_METRIC commit_ack_ms n=200 p50=19.0 p95=20.3 max=39.8
LIVE_METRIC provisional_surrogate_ping_rtt_ms n=240 p50=6.0 p95=9.0 max=9.0 previews_sent=289 strokes=18
LIVE at least 200 provisional-surrogate samples PASS
LIVE preview isolation: nothing under res:// changed during the session PASS
  PASS test_real_server_live::test_live_session_against_real_child_and_real_server (32794.4 ms)

2 tests, 0 failures (34.3 s)
WARNING: instance_reset_physics_interpolation() is deprecated.
     at: _instance_reset_physics_interpolation_bind_compat_104269 (servers/rendering/rendering_server.compat.inc:62)
     GDScript backtrace (most recent call first):
         [0] _create_terrain (res://addons/world_painter/terrain/terrain_adapter.gd:311)
         [1] initialize (res://addons/world_painter/terrain/terrain_adapter.gd:58)
         [2] _build_scene (res://src/app/editor_session.gd:224)
         [3] _ready (res://src/app/editor_session.gd:80)
         [4] _setup_world (res://tests/integration/test_real_server_live.gd:120)
         [5] test_live_session_against_real_child_and_real_server (res://tests/integration/test_real_server_live.gd:173)
         [6] _run (res://tests/run_tests.gd:53)
WARNING: instance_reset_physics_interpolation() is deprecated.
     at: _instance_reset_physics_interpolation_bind_compat_104269 (servers/rendering/rendering_server.compat.inc:62)
     GDScript backtrace (most recent call first):
         [0] _create_terrain (res://addons/world_painter/terrain/terrain_adapter.gd:311)
         [1] initialize (res://addons/world_painter/terrain/terrain_adapter.gd:58)
         [2] replace_document (res://addons/world_painter/terrain/terrain_adapter.gd:66)
         [3] _present_snapshot (res://addons/world_painter/preview/world_preview_root.gd:99)
         [4] _process (res://addons/world_painter/preview/world_preview_root.gd:74)
WARNING: 40 ObjectDB instances were leaked at exit (run with `--verbose` for details).
   at: cleanup (core/object/object.cpp:2536)
ERROR: 16 resources still in use at exit (run with --verbose for details).
   at: clear (core/io/resource.cpp:822)
ERROR: Pages in use exist at exit in PagedAllocator: N12VariantPools11BucketLargeE
   at: ~PagedAllocator (./core/templates/paged_allocator.h:170)
ERROR: Pages in use exist at exit in PagedAllocator: N12VariantPools12BucketMediumE
   at: ~PagedAllocator (./core/templates/paged_allocator.h:170)
ERROR: Pages in use exist at exit in PagedAllocator: N12VariantPools11BucketSmallE
   at: ~PagedAllocator (./core/templates/paged_allocator.h:170)

