Godot Engine v4.7.2.stable.official.ed1daf0bf - https://godotengine.org

{
  "capabilities": [
    "godot_text_scene_v1",
    "alpha_mask",
    "pbr_textures"
  ],
  "conversion_report": {
    "approximations": [],
    "omissions": [],
    "portable_status": "exact"
  },
  "descriptor_draft": {
    "collision": null,
    "default_grounding": "FOLLOW_TERRAIN",
    "footprint_radius_m": "1.5",
    "height_offset_range_m": [
      "-0.1",
      "0.5"
    ],
    "material_slots": [
      {
        "role": "bark",
        "slot_id": "bark",
        "surfaces": {
          "godot_static_source_v1": [
            {
              "node_path": "Trunk",
              "surface": 0
            }
          ],
          "portable_glb_v1": [
            {
              "mesh": 0,
              "primitive": 0
            }
          ]
        }
      },
      {
        "role": "leaf",
        "slot_id": "leaf",
        "surfaces": {
          "godot_static_source_v1": [
            {
              "node_path": "Crown",
              "surface": 0
            }
          ],
          "portable_glb_v1": [
            {
              "mesh": 1,
              "primitive": 0
            }
          ]
        }
      }
    ],
    "placement_anchor": [
      "0",
      "0",
      "0"
    ],
    "preview_warnings": [],
    "scale_range": [
      "0.5",
      "2"
    ],
    "schema_version": 1
  },
  "expires_at": "2026-10-04T08:57:36.718Z",
  "files": 5,
  "hashes": {
    "descriptor_draft_sha256": "d81c373890501dae3ae901d35b6edbae4fcb40688d3330b5863407a42c6615a6",
    "package_sha256": "7da5edb9bb227c476134b34689ee2166f0b11fc9fcf985844eeb0d36f48a8288",
    "portable_sha256": "0f3f9b1e63fef73e5eef2ac3eb39280ecc4edefd9bb3a9657c7df238da57e3f5"
  },
  "idempotency_key": "asp_25383c509d96ff432cd6af75b9771c33",
  "local_warnings": [],
  "phase": "previewed",
  "portable": {
    "bytes": 165253,
    "materials": 2,
    "max_texture_px": 32,
    "nodes": 3,
    "triangles": 4992
  },
  "preview_id": "ipv_7e5wewxpa1zxepg3",
  "server": {
    "bounds": {
      "max": [
        "0.998868",
        "4",
        "0.998868"
      ],
      "min": [
        "-0.998868",
        "0",
        "-0.998868"
      ]
    },
    "budget": {
      "exceeded": [],
      "glb_bytes": 165253.0,
      "materials": 2.0,
      "max_texture_px": 32.0,
      "nodes": 3.0,
      "triangles": 4992.0,
      "warnings": [],
      "within_ipad_budget": true
    },
    "source": {
      "asset_dependencies": [],
      "dependency_closure": [
        "materials/bark.tres",
        "materials/leaf.tres",
        "scenes/tree.tscn",
        "textures/bark.png",
        "textures/leaf.png"
      ],
      "detected_capabilities": [
        "godot_text_scene_v1"
      ],
      "evidence": {
        "collision": "absent",
        "conversion_report": "publisher_declared",
        "source_surfaces": {
          "node_only": 0.0,
          "unverified": 0.0,
          "verified": 2.0
        }
      },
      "manifest_sha256": "aa3fa4843b9778514a2609ea2baf9435d09e126dad4998aa4c020fdb6cdb6ab1",
      "source_godot_version": "4.7.2-stable",
      "source_surfaces": {
        "bark": [
          {
            "node_path": "Trunk",
            "surface": 0.0
          }
        ],
        "leaf": [
          {
            "node_path": "Crown",
            "surface": 0.0
          }
        ]
      },
      "warnings": []
    },
    "warnings": []
  },
  "target": {
    "expected_current_version": "ver_4kxdjjn5z5qwn46c",
    "library": "prj_cfp3pxzs9c8ym9v2",
    "mode": "new_version",
    "name": "tree",
    "target_asset_id": "ast_cqw5phmvjamgaa2y"
  }
}
error: conflict: the asset changed since it was read (current version ver_mmmazdryk51txyss). The local source is untouched. Re-run with --expected-current <current version> after review, or publish as a new asset (omit --new-version-of).
