Godot Engine v4.7.2.stable.official.ed1daf0bf - https://godotengine.org

{
  "capabilities": [
    "godot_text_scene_v1",
    "alpha_mask",
    "pbr_textures"
  ],
  "conversion_report": {
    "approximations": [],
    "omissions": [],
    "portable_status": "exact"
  },
  "descriptor_draft": {
    "collision": null,
    "default_grounding": "FOLLOW_TERRAIN",
    "footprint_radius_m": "1.5",
    "height_offset_range_m": [
      "-0.1",
      "0.5"
    ],
    "material_slots": [
      {
        "role": "bark",
        "slot_id": "bark",
        "surfaces": {
          "godot_static_source_v1": [
            {
              "node_path": "Trunk",
              "surface": 0
            }
          ],
          "portable_glb_v1": [
            {
              "mesh": 0,
              "primitive": 0
            }
          ]
        }
      },
      {
        "role": "leaf",
        "slot_id": "leaf",
        "surfaces": {
          "godot_static_source_v1": [
            {
              "node_path": "Crown",
              "surface": 0
            }
          ],
          "portable_glb_v1": [
            {
              "mesh": 1,
              "primitive": 0
            }
          ]
        }
      }
    ],
    "placement_anchor": [
      "0",
      "0",
      "0"
    ],
    "preview_warnings": [],
    "scale_range": [
      "0.5",
      "2"
    ],
    "schema_version": 1
  },
  "expires_at": "2026-10-04T08:57:36.101Z",
  "files": 5,
  "hashes": {
    "descriptor_draft_sha256": "d81c373890501dae3ae901d35b6edbae4fcb40688d3330b5863407a42c6615a6",
    "package_sha256": "ade80a71cac7120dbec59186ccef147a149006903972616083109bc7f587100b",
    "portable_sha256": "ec9c17c8725ba6944afcd22c4db5fc9a4a9836ea95198d8fd9494251de0d21d7"
  },
  "idempotency_key": "asp_6cb28a24d0d41a39f8996a1cda11c2cd",
  "local_warnings": [],
  "phase": "previewed",
  "portable": {
    "bytes": 165221,
    "materials": 2,
    "max_texture_px": 32,
    "nodes": 3,
    "triangles": 4992
  },
  "preview_id": "ipv_ysd98xh0fkdjs60q",
  "server": {
    "bounds": {
      "max": [
        "0.998868",
        "4",
        "0.998868"
      ],
      "min": [
        "-0.998868",
        "0",
        "-0.998868"
      ]
    },
    "budget": {
      "exceeded": [],
      "glb_bytes": 165221.0,
      "materials": 2.0,
      "max_texture_px": 32.0,
      "nodes": 3.0,
      "triangles": 4992.0,
      "warnings": [],
      "within_ipad_budget": true
    },
    "source": {
      "asset_dependencies": [],
      "dependency_closure": [
        "materials/bark.tres",
        "materials/leaf.tres",
        "scenes/tree.tscn",
        "textures/bark.png",
        "textures/leaf.png"
      ],
      "detected_capabilities": [
        "godot_text_scene_v1"
      ],
      "evidence": {
        "collision": "absent",
        "conversion_report": "publisher_declared",
        "source_surfaces": {
          "node_only": 0.0,
          "unverified": 0.0,
          "verified": 2.0
        }
      },
      "manifest_sha256": "82fd6b23d6ca5386442db8e87d6367ae1601be7bfbe890913ce33553d19197e4",
      "source_godot_version": "4.7.2-stable",
      "source_surfaces": {
        "bark": [
          {
            "node_path": "Trunk",
            "surface": 0.0
          }
        ],
        "leaf": [
          {
            "node_path": "Crown",
            "surface": 0.0
          }
        ]
      },
      "warnings": []
    },
    "warnings": []
  },
  "target": {
    "expected_current_version": "ver_4kxdjjn5z5qwn46c",
    "library": "prj_cfp3pxzs9c8ym9v2",
    "mode": "new_version",
    "name": "tree",
    "target_asset_id": "ast_cqw5phmvjamgaa2y"
  }
}
{
  "outcome": {
    "asset_id": "ast_cqw5phmvjamgaa2y",
    "descriptor_sha256": "b8b5519159ba1db5c5635265ea1f90bcf34d90c58d58fa72c96efa504ea6404d",
    "display_version": 2.0,
    "library_id": "prj_cfp3pxzs9c8ym9v2",
    "version_id": "ver_mmmazdryk51txyss",
    "via": "commit"
  },
  "phase": "committed"
}
