Godot Engine v4.7.2.stable.official.ed1daf0bf - https://godotengine.org

{
  "capabilities": [
    "godot_text_scene_v1"
  ],
  "conversion_report": {
    "approximations": [],
    "omissions": [],
    "portable_status": "exact"
  },
  "descriptor_draft": {
    "collision": null,
    "default_grounding": "FOLLOW_TERRAIN",
    "footprint_radius_m": "1.2",
    "height_offset_range_m": [
      "-0.1",
      "0.5"
    ],
    "material_slots": [
      {
        "role": "neutral",
        "slot_id": "neutral",
        "surfaces": {
          "godot_static_source_v1": [
            {
              "node_path": "Body",
              "surface": 0
            }
          ],
          "portable_glb_v1": [
            {
              "mesh": 0,
              "primitive": 0
            }
          ]
        }
      }
    ],
    "placement_anchor": [
      "0",
      "0",
      "0"
    ],
    "preview_warnings": [],
    "scale_range": [
      "0.5",
      "2"
    ],
    "schema_version": 1
  },
  "expires_at": "2026-10-04T08:55:41.351Z",
  "files": 2,
  "hashes": {
    "descriptor_draft_sha256": "cde619e3bff8b190878cec89f64d9e26166e2f2d3d5c03ce55a168141ca93b47",
    "package_sha256": "c69e5f64fa84a39ca9d81a5b1da9dbaf691c2a826e182a64b65d65e51fb7a6ac",
    "portable_sha256": "36bdce844dce4b4f3f654f87c59030fc551cb6ea8494de681a17c195ce54cf3f"
  },
  "idempotency_key": "asp_347be3348112e8c9be3cc668ed5e71a8",
  "local_warnings": [],
  "phase": "previewed",
  "portable": {
    "bytes": 2884,
    "materials": 1,
    "max_texture_px": 0,
    "nodes": 2,
    "triangles": 12
  },
  "preview_id": "ipv_c2e89tfhxc36wj2h",
  "server": {
    "bounds": {
      "max": [
        "0.5",
        "0.5",
        "1"
      ],
      "min": [
        "-0.5",
        "0",
        "-1"
      ]
    },
    "budget": {
      "exceeded": [],
      "glb_bytes": 2884.0,
      "materials": 1.0,
      "max_texture_px": null,
      "nodes": 2.0,
      "triangles": 12.0,
      "warnings": [],
      "within_ipad_budget": true
    },
    "source": {
      "asset_dependencies": [],
      "dependency_closure": [
        "materials/neutral.tres",
        "scenes/prop.tscn"
      ],
      "detected_capabilities": [
        "godot_text_scene_v1"
      ],
      "evidence": {
        "collision": "absent",
        "conversion_report": "publisher_declared",
        "source_surfaces": {
          "node_only": 0.0,
          "unverified": 0.0,
          "verified": 1.0
        }
      },
      "manifest_sha256": "56eafcf994f4005035c171d79de2f8790ea6029d88dc2c91b357562936b0cb05",
      "source_godot_version": "4.7.2-stable",
      "source_surfaces": {
        "neutral": [
          {
            "node_path": "Body",
            "surface": 0.0
          }
        ]
      },
      "warnings": []
    },
    "warnings": []
  },
  "target": {
    "expected_current_version": null,
    "library": "prj_cfp3pxzs9c8ym9v2",
    "mode": "new_asset",
    "name": "Neutral PBR Crate",
    "target_asset_id": null
  }
}
{
  "outcome": {
    "asset_id": "ast_3vhxm0xd3ps0c5rd",
    "descriptor_sha256": "47d12bee2e44ad5402fa547297f580a495d370c4610f6b8257cb7f0bd2761dc1",
    "display_version": 1.0,
    "library_id": "prj_cfp3pxzs9c8ym9v2",
    "version_id": "ver_dmsh83v96cga1q7t",
    "via": "commit"
  },
  "phase": "committed"
}
