Godot Engine v4.7.2.stable.official.ed1daf0bf - https://godotengine.org

Test user directory: /Users/andrejvysny/Library/Application Support/WorldPainterTests/acc-real-6wp_9rxq
Editor ready: fake
ACC saved world reopened (objects=4) PASS
ACC_INFO read_only_reason=[Read-only recovery: 1 asset binding(s) unavailable (b26ab40c9785583d1df3f5a8576ce669a: AssetStudio asset is not resolved on this device (its exact bytes are not prepared yet): temporarily_unavailable: server unreachable and exact version is not fully cached). Editing is disabled; navigation and export stay available.] unresolved=1 evicted=true
ACC offline, one blob evicted: explicit unresolved dependency, read-only PASS
ACC the reason names the failure, no latest substitution PASS
ACC bindings still pin their exact versions PASS
  PASS test_real_server_acceptance::test_offline_reopen_cached_and_uncached (4385.6 ms)
  PASS test_real_server_acceptance::test_online_browse_download_drop_update_save (0.4 ms)

2 tests, 0 failures (6.0 s)
ERROR: 4 RID allocations of type 'N13RendererDummy15MaterialStorage13DummyMaterialE' were leaked at exit.
ERROR: 2 RID allocations of type 'N13RendererDummy15MaterialStorage11DummyShaderE' were leaked at exit.
ERROR: 4 RID allocations of type 'N13RendererDummy9DummyMeshE' were leaked at exit.
ERROR: 1 RID allocations of type 'PN13RendererDummy14TextureStorage12DummyTextureE' were leaked at exit.
WARNING: instance_reset_physics_interpolation() is deprecated.
     at: _instance_reset_physics_interpolation_bind_compat_104269 (servers/rendering/rendering_server.compat.inc:62)
     GDScript backtrace (most recent call first):
         [0] _create_terrain (res://addons/world_painter/terrain/terrain_adapter.gd:311)
         [1] initialize (res://addons/world_painter/terrain/terrain_adapter.gd:58)
         [2] _build_scene (res://src/app/editor_session.gd:224)
         [3] _ready (res://src/app/editor_session.gd:80)
         [4] _real_session (res://tests/integration/test_real_server_acceptance.gd:28)
         [5] test_offline_reopen_cached_and_uncached (res://tests/integration/test_real_server_acceptance.gd:132)
         [6] _run (res://tests/run_tests.gd:53)
WARNING: 1 RID of type "CanvasItem" was leaked.
   at: _free_rids (servers/rendering/renderer_canvas_cull.cpp:2733)
WARNING: 59 ObjectDB instances were leaked at exit (run with `--verbose` for details).
   at: cleanup (core/object/object.cpp:2536)
ERROR: 16 resources still in use at exit (run with --verbose for details).
   at: clear (core/io/resource.cpp:822)
ERROR: Pages in use exist at exit in PagedAllocator: N12VariantPools11BucketLargeE
   at: ~PagedAllocator (./core/templates/paged_allocator.h:170)
ERROR: Pages in use exist at exit in PagedAllocator: N12VariantPools12BucketMediumE
   at: ~PagedAllocator (./core/templates/paged_allocator.h:170)
ERROR: Pages in use exist at exit in PagedAllocator: N12VariantPools11BucketSmallE
   at: ~PagedAllocator (./core/templates/paged_allocator.h:170)

