Godot Engine v4.7.2.stable.official.ed1daf0bf - https://godotengine.org

Test user directory: /Users/andrejvysny/Library/Application Support/WorldPainterTests/acc-real-mgpasv2m
Editor ready: fake
ACC saved world reopened (objects=4) PASS
ACC_INFO read_only_reason=[] unresolved=0 evicted=false
ACC offline: every cached exact asset reopens, editing enabled PASS
ACC offline: objects drawn from prepared tiers PASS
  PASS test_real_server_acceptance::test_offline_reopen_cached_and_uncached (485.0 ms)
  PASS test_real_server_acceptance::test_online_browse_download_drop_update_save (0.2 ms)

2 tests, 0 failures (2.0 s)
ERROR: 7 RID allocations of type 'N13RendererDummy15MaterialStorage13DummyMaterialE' were leaked at exit.
ERROR: 2 RID allocations of type 'N13RendererDummy15MaterialStorage11DummyShaderE' were leaked at exit.
ERROR: 6 RID allocations of type 'N13RendererDummy9DummyMeshE' were leaked at exit.
ERROR: 3 RID allocations of type 'PN13RendererDummy14TextureStorage12DummyTextureE' were leaked at exit.
WARNING: instance_reset_physics_interpolation() is deprecated.
     at: _instance_reset_physics_interpolation_bind_compat_104269 (servers/rendering/rendering_server.compat.inc:62)
     GDScript backtrace (most recent call first):
         [0] _create_terrain (res://addons/world_painter/terrain/terrain_adapter.gd:311)
         [1] initialize (res://addons/world_painter/terrain/terrain_adapter.gd:58)
         [2] _build_scene (res://src/app/editor_session.gd:224)
         [3] _ready (res://src/app/editor_session.gd:80)
         [4] _real_session (res://tests/integration/test_real_server_acceptance.gd:28)
         [5] test_offline_reopen_cached_and_uncached (res://tests/integration/test_real_server_acceptance.gd:132)
         [6] _run (res://tests/run_tests.gd:53)
WARNING: 1 RID of type "CanvasItem" was leaked.
   at: _free_rids (servers/rendering/renderer_canvas_cull.cpp:2733)
WARNING: 71 ObjectDB instances were leaked at exit (run with `--verbose` for details).
   at: cleanup (core/object/object.cpp:2536)
ERROR: 16 resources still in use at exit (run with --verbose for details).
   at: clear (core/io/resource.cpp:822)
ERROR: Pages in use exist at exit in PagedAllocator: N12VariantPools11BucketLargeE
   at: ~PagedAllocator (./core/templates/paged_allocator.h:170)
ERROR: Pages in use exist at exit in PagedAllocator: N12VariantPools12BucketMediumE
   at: ~PagedAllocator (./core/templates/paged_allocator.h:170)
ERROR: Pages in use exist at exit in PagedAllocator: N12VariantPools11BucketSmallE
   at: ~PagedAllocator (./core/templates/paged_allocator.h:170)

