Godot Engine v4.7.2.stable.official.ed1daf0bf - https://godotengine.org

Test user directory: /Users/andrejvysny/Library/Application Support/WorldPainterTests/acc-apply-qdlcho_q
Editor ready: fake
LIVE iPad session connection PASS
LIVE prepared Neutral PBR Crate from the real server PASS
LIVE prepared Textured Tree from the real server PASS
LIVE prepared Vertex Color Foliage from the real server PASS
LIVE 3 remote objects placed PASS
LIVE pairing details published by the consumer editor PASS
LIVE iPad paired with the consumer's preview child PASS
LIVE snapshot acknowledged by the child PASS
LIVE consumer froze + reviewed PASS
LIVE consumer applied generation 1 PASS
LIVE consumer modified the generated content PASS
LIVE consumer ready for the crash series PASS
LIVE consumer finished PASS
LIVE consumer reported no failed step PASS
  PASS test_real_server_live::test_apply_composition_sender (6949.0 ms)
  PASS test_real_server_live::test_live_session_against_real_child_and_real_server (0.0 ms)

2 tests, 0 failures (8.5 s)
WARNING: instance_reset_physics_interpolation() is deprecated.
     at: _instance_reset_physics_interpolation_bind_compat_104269 (servers/rendering/rendering_server.compat.inc:62)
     GDScript backtrace (most recent call first):
         [0] _create_terrain (res://addons/world_painter/terrain/terrain_adapter.gd:311)
         [1] initialize (res://addons/world_painter/terrain/terrain_adapter.gd:58)
         [2] _build_scene (res://src/app/editor_session.gd:224)
         [3] _ready (res://src/app/editor_session.gd:80)
         [4] _setup_world (res://tests/integration/test_real_server_live.gd:120)
         [5] test_apply_composition_sender (res://tests/integration/test_real_server_live.gd:303)
         [6] _run (res://tests/run_tests.gd:53)
WARNING: 40 ObjectDB instances were leaked at exit (run with `--verbose` for details).
   at: cleanup (core/object/object.cpp:2536)
ERROR: 16 resources still in use at exit (run with --verbose for details).
   at: clear (core/io/resource.cpp:822)
ERROR: Pages in use exist at exit in PagedAllocator: N12VariantPools11BucketLargeE
   at: ~PagedAllocator (./core/templates/paged_allocator.h:170)
ERROR: Pages in use exist at exit in PagedAllocator: N12VariantPools12BucketMediumE
   at: ~PagedAllocator (./core/templates/paged_allocator.h:170)
ERROR: Pages in use exist at exit in PagedAllocator: N12VariantPools11BucketSmallE
   at: ~PagedAllocator (./core/templates/paged_allocator.h:170)

